// Jest Snapshot v1, https://goo.gl/fbAQLP

exports[`should correctly render AboutMePageContent content 1`] = `
<div>
  AboutMePageContent content...
</div>
`;
