// Jest Snapshot v1, https://goo.gl/fbAQLP

exports[`should correctly render ContactPageContent 1`] = `
<div>
  ContactPageContent content...
</div>
`;
