// Jest Snapshot v1, https://goo.gl/fbAQLP

exports[`should correctly render FavouritePosts widget on sidebar 1`] = `
<div>
  FavouritePosts content
</div>
`;
