// Jest Snapshot v1, https://goo.gl/fbAQLP

exports[`should correctly render Footer 1`] = `
<div>
  Footer content
</div>
`;
