// Jest Snapshot v1, https://goo.gl/fbAQLP

exports[`should correctly render HeaderSearch 1`] = `
<form
  onSubmit={[Function]}
>
  <input
    onChange={[Function]}
    placeholder="Szukaj..."
    type="search"
    value=""
  />
</form>
`;
