// Jest Snapshot v1, https://goo.gl/fbAQLP

exports[`should correctly render MainBody with dummy posts data 1`] = `
<div>
  <p>
    Posts list
  </p>
  <Connect(PostList) />
</div>
`;

exports[`should correctly render MainBody with no posts 1`] = `
<div>
  <p>
    Posts list
  </p>
  <Connect(PostList) />
</div>
`;
