// Jest Snapshot v1, https://goo.gl/fbAQLP

exports[`should correctly render MainSidebar 1`] = `
<aside>
  <Connect(AboutMe) />
  <Connect(InstagramFeed) />
  <Connect(FavouritePosts) />
  <FacebookFanpage />
  <Connect(Archive) />
</aside>
`;
