// Jest Snapshot v1, https://goo.gl/fbAQLP

exports[`should correctly render MainPageContent 1`] = `
<div>
  MainPageContent...
  <LastPostsCarousel />
  <MainBody />
  <MainSidebar />
</div>
`;
