// Jest Snapshot v1, https://goo.gl/fbAQLP

exports[`should correctly render SubHeader 1`] = `
<div>
  <SubHeaderLogo />
  <SubHeaderNavBar />
</div>
`;
